// Jest Snapshot v1, https://goo.gl/fbAQLP

exports[`Visibility renders correctly when visible is false 1`] = `null`;

exports[`Visibility renders correctly when visible is true 1`] = `
<h1>
  Test
</h1>
`;

exports[`Visibility renders with wrapper when many children 1`] = `
<div>
  <h1>
    Test1
  </h1>
  <h1>
    Test2
  </h1>
</div>
`;

exports[`Visibility renders with wrapper when specified 1`] = `
<h1>
  Test
</h1>
`;
