// Jest Snapshot v1, https://goo.gl/fbAQLP

exports[`Wrapper does not render when children is null 1`] = `null`;

exports[`Wrapper should not reverse children when reverse is undefined 1`] = `
<div>
  <h1>
    Test1
  </h1>
  <h1>
    Test2
  </h1>
  <h1>
    Test3
  </h1>
</div>
`;

exports[`Wrapper should reverse children when reverse is enabled 1`] = `
<div>
  <h1>
    Test3
  </h1>
  <h1>
    Test2
  </h1>
  <h1>
    Test1
  </h1>
</div>
`;
